2025-02-22 14:00:36,894 [DEBUG]  Available web server routes: 
/conversations/<conversation_id:path>/messages     POST                           add_message
/conversations/<conversation_id:path>/tracker/events POST                           append_events
/webhooks/rasa                                     GET                            custom_webhook_RasaChatInput.health
/webhooks/rasa/webhook                             POST                           custom_webhook_RasaChatInput.receive
/webhooks/rest                                     GET                            custom_webhook_RestInput.health
/webhooks/rest/webhook                             POST                           custom_webhook_RestInput.receive
/model/test/intents                                POST                           evaluate_intents
/model/test/stories                                POST                           evaluate_stories
/conversations/<conversation_id:path>/execute      POST                           execute_action
/domain                                            GET                            get_domain
/                                                  GET                            hello
/model                                             PUT                            load_model
/model/parse                                       POST                           parse
/conversations/<conversation_id:path>/predict      POST                           predict
/conversations/<conversation_id:path>/tracker/events PUT                            replace_events
/conversations/<conversation_id:path>/story        GET                            retrieve_story
/conversations/<conversation_id:path>/tracker      GET                            retrieve_tracker
/status                                            GET                            status
/model/predict                                     POST                           tracker_predict
/model/train                                       POST                           train
/conversations/<conversation_id:path>/trigger_intent POST                           trigger_intent
/model                                             DELETE                         unload_model
/version                                           GET                            version
2025-02-22 14:00:36,895 [INFO ]  Starting Rasa server on http://0.0.0.0:5005
2025-02-22 14:00:36,896 [DEBUG]  Using the default number of Sanic workers (1).
2025-02-22 14:00:37,049 [DEBUG]  Skipping telemetry reporting: no license hash found.
2025-02-22 14:00:37,080 [DEBUG]  Connected to InMemoryTrackerStore.
2025-02-22 14:00:37,080 [DEBUG]  Connected to lock store 'InMemoryLockStore'.
2025-02-22 14:00:37,081 [DEBUG]  Instantiated NLG to 'TemplatedNaturalLanguageGenerator'.
2025-02-22 14:00:37,082 [INFO ]  Loading model models\20250222-135812-sluggish-causeway.tar.gz...
2025-02-22 14:00:37,161 [DEBUG]  Extracted model to 'C:\Users\D927~1\AppData\Local\Temp\tmpcumcnn7l'.
2025-02-22 14:00:37,174 [DEBUG]  Node 'nlu_message_converter' loading 'NLUMessageConverter.load' and kwargs: '{}'.
2025-02-22 14:00:37,174 [DEBUG]  Node 'run_WhitespaceTokenizer0' loading 'WhitespaceTokenizer.load' and kwargs: '{}'.
2025-02-22 14:00:37,177 [DEBUG]  Node 'run_RegexFeaturizer1' loading 'RegexFeaturizer.load' and kwargs: '{}'.
2025-02-22 14:00:37,177 [DEBUG]  Resource 'train_RegexFeaturizer1' was requested for reading.
2025-02-22 14:00:37,178 [DEBUG]  Node 'run_LexicalSyntacticFeaturizer2' loading 'LexicalSyntacticFeaturizer.load' and kwargs: '{}'.
2025-02-22 14:00:37,178 [DEBUG]  Resource 'train_LexicalSyntacticFeaturizer2' was requested for reading.
2025-02-22 14:00:37,179 [DEBUG]  Node 'run_CountVectorsFeaturizer3' loading 'CountVectorsFeaturizer.load' and kwargs: '{}'.
2025-02-22 14:00:37,179 [DEBUG]  Resource 'train_CountVectorsFeaturizer3' was requested for reading.
2025-02-22 14:00:37,181 [DEBUG]  Node 'run_LanguageModelFeaturizer4' loading 'LanguageModelFeaturizer.load' and kwargs: '{}'.
2025-02-22 14:00:38,053 [DEBUG]  Loading Tokenizer and Model for bert
2025-02-22 14:00:38,055 [DEBUG]  Starting new HTTPS connection (1): huggingface.co:443
2025-02-22 14:00:38,558 [DEBUG]  https://huggingface.co:443 "HEAD /bert-base-cased/resolve/main/tokenizer_config.json HTTP/1.1" 200 0
2025-02-22 14:00:38,827 [DEBUG]  https://huggingface.co:443 "HEAD /bert-base-cased/resolve/main/config.json HTTP/1.1" 200 0
2025-02-22 14:00:40,056 [DEBUG]  Node 'run_DIETClassifier5' loading 'DIETClassifier.load' and kwargs: '{}'.
2025-02-22 14:00:40,056 [DEBUG]  Resource 'train_DIETClassifier5' was requested for reading.
2025-02-22 14:00:40,079 [DEBUG]  Loading the model from C:\Users\D927~1\AppData\Local\Temp\tmp1ernkpp1\train_DIETClassifier5\DIETClassifier.tf_model with finetune_mode=False...
2025-02-22 14:00:40,092 [DEBUG]  You specified 'DIET' to train entities, but no entities are present in the training data. Skipping training of entities.
2025-02-22 14:00:40,112 [DEBUG]  Following metrics will be logged during training: 
2025-02-22 14:00:40,112 [DEBUG]    t_loss (total loss)
2025-02-22 14:00:40,113 [DEBUG]    i_acc (intent acc)
2025-02-22 14:00:40,113 [DEBUG]    i_loss (intent loss)
2025-02-22 14:00:46,527 [DEBUG]  Finished loading the model.
2025-02-22 14:00:46,528 [DEBUG]  Node 'run_EntitySynonymMapper6' loading 'EntitySynonymMapper.load' and kwargs: '{}'.
2025-02-22 14:00:46,528 [DEBUG]  Resource 'train_EntitySynonymMapper6' was requested for reading.
2025-02-22 14:00:46,529 [DEBUG]  Failed to load ABCMeta from model storage. Resource 'train_EntitySynonymMapper6' doesn't exist.
2025-02-22 14:00:46,529 [DEBUG]  Node 'run_ResponseSelector7' loading 'ResponseSelector.load' and kwargs: '{}'.
2025-02-22 14:00:46,530 [DEBUG]  Resource 'train_ResponseSelector7' was requested for reading.
2025-02-22 14:00:46,530 [DEBUG]  Failed to load ABCMeta from model storage. Resource 'train_ResponseSelector7' doesn't exist.
2025-02-22 14:00:46,530 [DEBUG]  Resource 'train_ResponseSelector7' was requested for reading.
2025-02-22 14:00:46,531 [DEBUG]  Failed to load ResponseSelector from model storage. Resource 'train_ResponseSelector7' doesn't exist.
2025-02-22 14:00:46,531 [DEBUG]  Node 'run_RegexMessageHandler' loading 'RegexMessageHandler.load' and kwargs: '{}'.
2025-02-22 14:00:46,532 [DEBUG]  Node 'domain_provider' loading 'DomainProvider.load' and kwargs: '{}'.
2025-02-22 14:00:46,532 [DEBUG]  Resource 'domain_provider' was requested for reading.
2025-02-22 14:00:46,550 [DEBUG]  Node 'run_MemoizationPolicy0' loading 'MemoizationPolicy.load' and kwargs: '{}'.
2025-02-22 14:00:46,550 [DEBUG]  Resource 'train_MemoizationPolicy0' was requested for reading.
2025-02-22 14:00:46,553 [DEBUG]  Node 'run_RulePolicy1' loading 'RulePolicy.load' and kwargs: '{}'.
2025-02-22 14:00:46,553 [DEBUG]  Resource 'train_RulePolicy1' was requested for reading.
2025-02-22 14:00:46,555 [DEBUG]  Node 'run_TEDPolicy2' loading 'TEDPolicy.load' and kwargs: '{}'.
2025-02-22 14:00:46,555 [DEBUG]  Resource 'train_TEDPolicy2' was requested for reading.
2025-02-22 14:00:46,569 [DEBUG]  Loading the model from C:\Users\D927~1\AppData\Local\Temp\tmp1ernkpp1\train_TEDPolicy2\ted_policy.tf_model with finetune_mode=False...
2025-02-22 14:00:55,404 [DEBUG]  Finished loading the model.
2025-02-22 14:00:55,404 [DEBUG]  Node 'rule_only_data_provider' loading 'RuleOnlyDataProvider.load' and kwargs: '{}'.
2025-02-22 14:00:55,405 [DEBUG]  Resource 'train_RulePolicy1' was requested for reading.
2025-02-22 14:00:55,407 [DEBUG]  Node 'select_prediction' loading 'DefaultPolicyPredictionEnsemble.load' and kwargs: '{}'.
2025-02-22 14:00:55,411 [INFO ]  Rasa server is up and running.
2025-02-22 14:00:55,412 [INFO ]  Enabling coroutine debugging. Loop id 1885026878224.
2025-02-22 14:01:13,051 [DEBUG]  Issuing ticket for conversation 'PractikumStudent'.
2025-02-22 14:01:13,052 [DEBUG]  Acquiring lock for conversation 'PractikumStudent'.
2025-02-22 14:01:13,052 [DEBUG]  Acquired lock for conversation 'PractikumStudent'.
2025-02-22 14:01:13,053 [DEBUG]  Could not find tracker for conversation ID 'PractikumStudent'.
2025-02-22 14:01:13,053 [DEBUG]  No event broker configured. Skipping streaming events.
2025-02-22 14:01:13,053 [DEBUG]  Starting a new session for conversation ID 'PractikumStudent'.
2025-02-22 14:01:13,056 [DEBUG]  [[32m[1mdebug    [0m] [1mprocessor.actions.policy_prediction[0m [36mprediction_events[0m=[35m[][0m
2025-02-22 14:01:13,057 [DEBUG]  [[32m[1mdebug    [0m] [1mprocessor.actions.log         [0m [36maction_name[0m=[35maction_session_start[0m [36mrasa_events[0m=[35m[<rasa.shared.core.events.SessionStarted object at 0x000001B7090DCF70>, ActionExecuted(action: action_listen, policy: None, confidence: None)][0m
2025-02-22 14:01:13,057 [DEBUG]  [[32m[1mdebug    [0m] [1mprocessor.slots.log           [0m [36mslot_values[0m=[35m	topic: None
	session_started_metadata: None[0m
2025-02-22 14:01:13,058 [DEBUG]  Running graph with inputs: {'__message__': [<rasa.core.channels.channel.UserMessage object at 0x000001B7090DD8D0>], '__tracker__': <rasa.shared.core.trackers.DialogueStateTracker object at 0x000001B7090DE7A0>}, targets: ['run_RegexMessageHandler'] and ExecutionContext(model_id='27c0cf5847d94839939c54c3e6dcb975', should_add_diagnostic_data=False, is_finetuning=False, node_name=None).
2025-02-22 14:01:13,058 [DEBUG]  Node 'nlu_message_converter' running 'NLUMessageConverter.convert_user_message'.
2025-02-22 14:01:13,058 [DEBUG]  Node 'run_WhitespaceTokenizer0' running 'WhitespaceTokenizer.process'.
2025-02-22 14:01:13,060 [DEBUG]  Node 'run_RegexFeaturizer1' running 'RegexFeaturizer.process'.
2025-02-22 14:01:13,061 [DEBUG]  Node 'run_LexicalSyntacticFeaturizer2' running 'LexicalSyntacticFeaturizer.process'.
2025-02-22 14:01:13,062 [DEBUG]  Node 'run_CountVectorsFeaturizer3' running 'CountVectorsFeaturizer.process'.
2025-02-22 14:01:13,063 [DEBUG]  Node 'run_LanguageModelFeaturizer4' running 'LanguageModelFeaturizer.process'.
2025-02-22 14:01:13,245 [DEBUG]  Node 'run_DIETClassifier5' running 'DIETClassifier.process'.
2025-02-22 14:01:13,359 [DEBUG]  Node 'run_EntitySynonymMapper6' running 'EntitySynonymMapper.process'.
2025-02-22 14:01:13,359 [DEBUG]  Node 'run_ResponseSelector7' running 'ResponseSelector.process'.
2025-02-22 14:01:13,360 [DEBUG]  There is no trained model for 'ResponseSelector': The component is either not trained or didn't receive enough training data.
2025-02-22 14:01:13,360 [DEBUG]  Adding following selector key to message property: default
2025-02-22 14:01:13,360 [DEBUG]  Node 'domain_provider' running 'DomainProvider.provide_inference'.
2025-02-22 14:01:13,360 [DEBUG]  Node 'run_RegexMessageHandler' running 'RegexMessageHandler.process'.
2025-02-22 14:01:13,361 [DEBUG]  [[32m[1mdebug    [0m] [1mprocessor.message.parse       [0m [36mparse_data_entities[0m=[35m[][0m [36mparse_data_intent[0m=[35m{'name': 'greet', 'confidence': 0.9979460835456848}[0m [36mparse_data_text[0m=[35mпривет[0m
2025-02-22 14:01:13,361 [DEBUG]  Logged UserUtterance - tracker now has 4 events.
2025-02-22 14:01:13,363 [DEBUG]  Validating extracted slots: topic
2025-02-22 14:01:13,363 [DEBUG]  [[32m[1mdebug    [0m] [1mprocessor.extract.slots       [0m [36maction_extract_slot[0m=[35maction_extract_slots[0m [36mlen_extraction_events[0m=[35m1[0m [36mrasa_events[0m=[35m[SlotSet(key: topic, value: привет)][0m
2025-02-22 14:01:13,363 [DEBUG]  Running graph with inputs: {'__tracker__': <rasa.shared.core.trackers.DialogueStateTracker object at 0x000001B7090DE7A0>}, targets: ['select_prediction'] and ExecutionContext(model_id='27c0cf5847d94839939c54c3e6dcb975', should_add_diagnostic_data=False, is_finetuning=False, node_name=None).
2025-02-22 14:01:13,364 [DEBUG]  Node 'rule_only_data_provider' running 'RuleOnlyDataProvider.provide'.
2025-02-22 14:01:13,364 [DEBUG]  Node 'domain_provider' running 'DomainProvider.provide_inference'.
2025-02-22 14:01:13,365 [DEBUG]  Node 'run_MemoizationPolicy0' running 'MemoizationPolicy.predict_action_probabilities'.
2025-02-22 14:01:13,365 [DEBUG]  [[32m[1mdebug    [0m] [1mmemoization.predict.actions   [0m [36mtracker_states[0m=[35m[{}, {'user': {'intent': 'greet'}, 'prev_action': {'action_name': 'action_listen'}}][0m
2025-02-22 14:01:13,365 [DEBUG]  There is a memorised next action 'utter_greet'
2025-02-22 14:01:13,366 [DEBUG]  Node 'run_RulePolicy1' running 'RulePolicy.predict_action_probabilities'.
2025-02-22 14:01:13,366 [DEBUG]  [[32m[1mdebug    [0m] [1mrule_policy.actions.find      [0m [36mcurrent_states[0m=[35m
[state 1] user text: привет | previous action name: action_listen[0m
2025-02-22 14:01:13,367 [DEBUG]  There is no applicable rule.
2025-02-22 14:01:13,367 [DEBUG]  [[32m[1mdebug    [0m] [1mrule_policy.actions.find      [0m [36mcurrent_states[0m=[35m
[state 1] user intent: greet | previous action name: action_listen[0m
2025-02-22 14:01:13,367 [DEBUG]  There is a rule for the next action 'utter_greet'.
2025-02-22 14:01:13,368 [DEBUG]  Node 'run_TEDPolicy2' running 'TEDPolicy.predict_action_probabilities'.
2025-02-22 14:01:13,371 [DEBUG]  TED predicted 'utter_greet' based on user intent.
2025-02-22 14:01:13,373 [DEBUG]  Node 'select_prediction' running 'DefaultPolicyPredictionEnsemble.combine_predictions_from_kwargs'.
2025-02-22 14:01:13,373 [DEBUG]  Made prediction using user intent.
2025-02-22 14:01:13,374 [DEBUG]  Added `DefinePrevUserUtteredFeaturization(False)` event.
2025-02-22 14:01:13,374 [DEBUG]  Predicted next action using RulePolicy.
2025-02-22 14:01:13,375 [DEBUG]  Predicted next action 'utter_greet' with confidence 1.00.
2025-02-22 14:01:13,376 [DEBUG]  [[32m[1mdebug    [0m] [1mprocessor.actions.policy_prediction[0m [36mprediction_events[0m=[35m[<rasa.shared.core.events.DefinePrevUserUtteredFeaturization object at 0x000001B7091B3B20>][0m
2025-02-22 14:01:13,376 [DEBUG]  [[32m[1mdebug    [0m] [1mprocessor.actions.log         [0m [36maction_name[0m=[35mutter_greet[0m [36mrasa_events[0m=[35m[BotUttered('Привет! Чем могу помочь в области архитектуры программного обеспечения?', {"elements": null, "quick_replies": null, "buttons": null, "attachment": null, "image": null, "custom": null}, {"utter_action": "utter_greet"}, 1740207673.3769855)][0m
2025-02-22 14:01:13,377 [DEBUG]  Running graph with inputs: {'__tracker__': <rasa.shared.core.trackers.DialogueStateTracker object at 0x000001B7090DE7A0>}, targets: ['select_prediction'] and ExecutionContext(model_id='27c0cf5847d94839939c54c3e6dcb975', should_add_diagnostic_data=False, is_finetuning=False, node_name=None).
2025-02-22 14:01:13,377 [DEBUG]  Node 'rule_only_data_provider' running 'RuleOnlyDataProvider.provide'.
2025-02-22 14:01:13,377 [DEBUG]  Node 'domain_provider' running 'DomainProvider.provide_inference'.
2025-02-22 14:01:13,378 [DEBUG]  Node 'run_MemoizationPolicy0' running 'MemoizationPolicy.predict_action_probabilities'.
2025-02-22 14:01:13,378 [DEBUG]  [[32m[1mdebug    [0m] [1mmemoization.predict.actions   [0m [36mtracker_states[0m=[35m[{'user': {'intent': 'greet'}, 'prev_action': {'action_name': 'action_listen'}}, {'user': {'intent': 'greet'}, 'prev_action': {'action_name': 'utter_greet'}}][0m
2025-02-22 14:01:13,379 [DEBUG]  There is a memorised next action 'action_listen'
2025-02-22 14:01:13,379 [DEBUG]  Node 'run_RulePolicy1' running 'RulePolicy.predict_action_probabilities'.
2025-02-22 14:01:13,379 [DEBUG]  [[32m[1mdebug    [0m] [1mrule_policy.actions.find      [0m [36mcurrent_states[0m=[35m
[state 1] user intent: greet | previous action name: action_listen
[state 2] user intent: greet | previous action name: utter_greet[0m
2025-02-22 14:01:13,379 [DEBUG]  There is a rule for the next action 'action_listen'.
2025-02-22 14:01:13,381 [DEBUG]  Node 'run_TEDPolicy2' running 'TEDPolicy.predict_action_probabilities'.
2025-02-22 14:01:13,384 [DEBUG]  TED predicted 'action_listen' based on user intent.
2025-02-22 14:01:13,384 [DEBUG]  Node 'select_prediction' running 'DefaultPolicyPredictionEnsemble.combine_predictions_from_kwargs'.
2025-02-22 14:01:13,384 [DEBUG]  Predicted next action using RulePolicy.
2025-02-22 14:01:13,385 [DEBUG]  Predicted next action 'action_listen' with confidence 1.00.
2025-02-22 14:01:13,385 [DEBUG]  [[32m[1mdebug    [0m] [1mprocessor.actions.policy_prediction[0m [36mprediction_events[0m=[35m[][0m
2025-02-22 14:01:13,386 [DEBUG]  [[32m[1mdebug    [0m] [1mprocessor.actions.log         [0m [36maction_name[0m=[35maction_listen[0m [36mrasa_events[0m=[35m[][0m
2025-02-22 14:01:13,389 [DEBUG]  No event broker configured. Skipping streaming events.
2025-02-22 14:01:13,390 [DEBUG]  Deleted lock for conversation 'PractikumStudent'.
2025-02-22 14:01:19,609 [DEBUG]  Issuing ticket for conversation 'PractikumStudent'.
2025-02-22 14:01:19,609 [DEBUG]  Acquiring lock for conversation 'PractikumStudent'.
2025-02-22 14:01:19,609 [DEBUG]  Acquired lock for conversation 'PractikumStudent'.
2025-02-22 14:01:19,610 [DEBUG]  Recreating tracker for id 'PractikumStudent'
2025-02-22 14:01:19,612 [DEBUG]  Running graph with inputs: {'__message__': [<rasa.core.channels.channel.UserMessage object at 0x000001B7090DFD00>], '__tracker__': <rasa.shared.core.trackers.DialogueStateTracker object at 0x000001B7090DD8D0>}, targets: ['run_RegexMessageHandler'] and ExecutionContext(model_id='27c0cf5847d94839939c54c3e6dcb975', should_add_diagnostic_data=False, is_finetuning=False, node_name=None).
2025-02-22 14:01:19,613 [DEBUG]  Node 'nlu_message_converter' running 'NLUMessageConverter.convert_user_message'.
2025-02-22 14:01:19,613 [DEBUG]  Node 'run_WhitespaceTokenizer0' running 'WhitespaceTokenizer.process'.
2025-02-22 14:01:19,614 [DEBUG]  Node 'run_RegexFeaturizer1' running 'RegexFeaturizer.process'.
2025-02-22 14:01:19,614 [DEBUG]  Node 'run_LexicalSyntacticFeaturizer2' running 'LexicalSyntacticFeaturizer.process'.
2025-02-22 14:01:19,615 [DEBUG]  Node 'run_CountVectorsFeaturizer3' running 'CountVectorsFeaturizer.process'.
2025-02-22 14:01:19,616 [DEBUG]  Node 'run_LanguageModelFeaturizer4' running 'LanguageModelFeaturizer.process'.
2025-02-22 14:01:19,806 [DEBUG]  Node 'run_DIETClassifier5' running 'DIETClassifier.process'.
2025-02-22 14:01:19,809 [DEBUG]  Node 'run_EntitySynonymMapper6' running 'EntitySynonymMapper.process'.
2025-02-22 14:01:19,809 [DEBUG]  Node 'run_ResponseSelector7' running 'ResponseSelector.process'.
2025-02-22 14:01:19,811 [DEBUG]  There is no trained model for 'ResponseSelector': The component is either not trained or didn't receive enough training data.
2025-02-22 14:01:19,811 [DEBUG]  Adding following selector key to message property: default
2025-02-22 14:01:19,812 [DEBUG]  Node 'domain_provider' running 'DomainProvider.provide_inference'.
2025-02-22 14:01:19,812 [DEBUG]  Node 'run_RegexMessageHandler' running 'RegexMessageHandler.process'.
2025-02-22 14:01:19,813 [DEBUG]  [[32m[1mdebug    [0m] [1mprocessor.message.parse       [0m [36mparse_data_entities[0m=[35m[][0m [36mparse_data_intent[0m=[35m{'name': 'ask_architecture', 'confidence': 0.999883770942688}[0m [36mparse_data_text[0m=[35mЧто такое микросервисная архитектура?[0m
2025-02-22 14:01:19,813 [DEBUG]  Logged UserUtterance - tracker now has 10 events.
2025-02-22 14:01:19,814 [DEBUG]  Validating extracted slots: topic
2025-02-22 14:01:19,814 [DEBUG]  [[32m[1mdebug    [0m] [1mprocessor.extract.slots       [0m [36maction_extract_slot[0m=[35maction_extract_slots[0m [36mlen_extraction_events[0m=[35m1[0m [36mrasa_events[0m=[35m[SlotSet(key: topic, value: Что такое микросервисная архитектура?)][0m
2025-02-22 14:01:19,814 [DEBUG]  Running graph with inputs: {'__tracker__': <rasa.shared.core.trackers.DialogueStateTracker object at 0x000001B7090DD8D0>}, targets: ['select_prediction'] and ExecutionContext(model_id='27c0cf5847d94839939c54c3e6dcb975', should_add_diagnostic_data=False, is_finetuning=False, node_name=None).
2025-02-22 14:01:19,815 [DEBUG]  Node 'rule_only_data_provider' running 'RuleOnlyDataProvider.provide'.
2025-02-22 14:01:19,815 [DEBUG]  Node 'domain_provider' running 'DomainProvider.provide_inference'.
2025-02-22 14:01:19,816 [DEBUG]  Node 'run_MemoizationPolicy0' running 'MemoizationPolicy.predict_action_probabilities'.
2025-02-22 14:01:19,816 [DEBUG]  [[32m[1mdebug    [0m] [1mmemoization.predict.actions   [0m [36mtracker_states[0m=[35m[{'user': {'intent': 'greet'}, 'prev_action': {'action_name': 'utter_greet'}}, {'user': {'intent': 'ask_architecture'}, 'prev_action': {'action_name': 'action_listen'}}][0m
2025-02-22 14:01:19,816 [DEBUG]  There is a memorised next action 'utter_architecture_response'
2025-02-22 14:01:19,817 [DEBUG]  Node 'run_RulePolicy1' running 'RulePolicy.predict_action_probabilities'.
2025-02-22 14:01:19,817 [DEBUG]  [[32m[1mdebug    [0m] [1mrule_policy.actions.find      [0m [36mcurrent_states[0m=[35m
[state 1] user intent: greet | previous action name: action_listen
[state 2] user intent: greet | previous action name: utter_greet
[state 3] user text: Что такое микросервисная архитектура? | previous action name: action_listen[0m
2025-02-22 14:01:19,818 [DEBUG]  There is no applicable rule.
2025-02-22 14:01:19,818 [DEBUG]  [[32m[1mdebug    [0m] [1mrule_policy.actions.find      [0m [36mcurrent_states[0m=[35m
[state 1] user intent: greet | previous action name: action_listen
[state 2] user intent: greet | previous action name: utter_greet
[state 3] user intent: ask_architecture | previous action name: action_listen[0m
2025-02-22 14:01:19,818 [DEBUG]  There is a rule for the next action 'utter_architecture_response'.
2025-02-22 14:01:19,819 [DEBUG]  Node 'run_TEDPolicy2' running 'TEDPolicy.predict_action_probabilities'.
2025-02-22 14:01:19,821 [DEBUG]  TED predicted 'utter_architecture_response' based on user intent.
2025-02-22 14:01:19,823 [DEBUG]  Node 'select_prediction' running 'DefaultPolicyPredictionEnsemble.combine_predictions_from_kwargs'.
2025-02-22 14:01:19,826 [DEBUG]  Made prediction using user intent.
2025-02-22 14:01:19,827 [DEBUG]  Added `DefinePrevUserUtteredFeaturization(False)` event.
2025-02-22 14:01:19,827 [DEBUG]  Predicted next action using RulePolicy.
2025-02-22 14:01:19,828 [DEBUG]  Predicted next action 'utter_architecture_response' with confidence 1.00.
2025-02-22 14:01:19,829 [DEBUG]  [[32m[1mdebug    [0m] [1mprocessor.actions.policy_prediction[0m [36mprediction_events[0m=[35m[<rasa.shared.core.events.DefinePrevUserUtteredFeaturization object at 0x000001B7091B3730>][0m
2025-02-22 14:01:19,829 [DEBUG]  [[32m[1mdebug    [0m] [1mprocessor.actions.log         [0m [36maction_name[0m=[35mutter_architecture_response[0m [36mrasa_events[0m=[35m[BotUttered('Архитектура ПО включает выбор структур, которые обеспечивают масштабируемость, гибкость и поддерживаемость приложения. Задайте конкретный вопрос по этой теме, и я помогу вам с информацией.', {"elements": null, "quick_replies": null, "buttons": null, "attachment": null, "image": null, "custom": null}, {"utter_action": "utter_architecture_response"}, 1740207679.8280082)][0m
2025-02-22 14:01:19,829 [DEBUG]  Running graph with inputs: {'__tracker__': <rasa.shared.core.trackers.DialogueStateTracker object at 0x000001B7090DD8D0>}, targets: ['select_prediction'] and ExecutionContext(model_id='27c0cf5847d94839939c54c3e6dcb975', should_add_diagnostic_data=False, is_finetuning=False, node_name=None).
2025-02-22 14:01:19,830 [DEBUG]  Node 'rule_only_data_provider' running 'RuleOnlyDataProvider.provide'.
2025-02-22 14:01:19,830 [DEBUG]  Node 'domain_provider' running 'DomainProvider.provide_inference'.
2025-02-22 14:01:19,830 [DEBUG]  Node 'run_MemoizationPolicy0' running 'MemoizationPolicy.predict_action_probabilities'.
2025-02-22 14:01:19,831 [DEBUG]  [[32m[1mdebug    [0m] [1mmemoization.predict.actions   [0m [36mtracker_states[0m=[35m[{'user': {'intent': 'ask_architecture'}, 'prev_action': {'action_name': 'action_listen'}}, {'user': {'intent': 'ask_architecture'}, 'prev_action': {'action_name': 'utter_architecture_response'}}][0m
2025-02-22 14:01:19,831 [DEBUG]  There is a memorised next action 'action_listen'
2025-02-22 14:01:19,831 [DEBUG]  Node 'run_RulePolicy1' running 'RulePolicy.predict_action_probabilities'.
2025-02-22 14:01:19,832 [DEBUG]  [[32m[1mdebug    [0m] [1mrule_policy.actions.find      [0m [36mcurrent_states[0m=[35m
[state 1] user intent: greet | previous action name: action_listen
[state 2] user intent: greet | previous action name: utter_greet
[state 3] user intent: ask_architecture | previous action name: action_listen
[state 4] user intent: ask_architecture | previous action name: utter_architecture_response[0m
2025-02-22 14:01:19,832 [DEBUG]  There is a rule for the next action 'action_listen'.
2025-02-22 14:01:19,832 [DEBUG]  Node 'run_TEDPolicy2' running 'TEDPolicy.predict_action_probabilities'.
2025-02-22 14:01:19,835 [DEBUG]  TED predicted 'action_listen' based on user intent.
2025-02-22 14:01:19,835 [DEBUG]  Node 'select_prediction' running 'DefaultPolicyPredictionEnsemble.combine_predictions_from_kwargs'.
2025-02-22 14:01:19,836 [DEBUG]  Predicted next action using RulePolicy.
2025-02-22 14:01:19,836 [DEBUG]  Predicted next action 'action_listen' with confidence 1.00.
2025-02-22 14:01:19,837 [DEBUG]  [[32m[1mdebug    [0m] [1mprocessor.actions.policy_prediction[0m [36mprediction_events[0m=[35m[][0m
2025-02-22 14:01:19,837 [DEBUG]  [[32m[1mdebug    [0m] [1mprocessor.actions.log         [0m [36maction_name[0m=[35maction_listen[0m [36mrasa_events[0m=[35m[][0m
2025-02-22 14:01:19,838 [DEBUG]  No event broker configured. Skipping streaming events.
2025-02-22 14:01:19,841 [DEBUG]  Deleted lock for conversation 'PractikumStudent'.
2025-02-22 14:01:21,842 [DEBUG]  Issuing ticket for conversation 'PractikumStudent'.
2025-02-22 14:01:21,844 [DEBUG]  Acquiring lock for conversation 'PractikumStudent'.
2025-02-22 14:01:21,845 [DEBUG]  Acquired lock for conversation 'PractikumStudent'.
2025-02-22 14:01:21,846 [DEBUG]  Recreating tracker for id 'PractikumStudent'
2025-02-22 14:01:21,848 [DEBUG]  Running graph with inputs: {'__message__': [<rasa.core.channels.channel.UserMessage object at 0x000001B7090DFB50>], '__tracker__': <rasa.shared.core.trackers.DialogueStateTracker object at 0x000001B7090DEDD0>}, targets: ['run_RegexMessageHandler'] and ExecutionContext(model_id='27c0cf5847d94839939c54c3e6dcb975', should_add_diagnostic_data=False, is_finetuning=False, node_name=None).
2025-02-22 14:01:21,849 [DEBUG]  Node 'nlu_message_converter' running 'NLUMessageConverter.convert_user_message'.
2025-02-22 14:01:21,849 [DEBUG]  Node 'run_WhitespaceTokenizer0' running 'WhitespaceTokenizer.process'.
2025-02-22 14:01:21,849 [DEBUG]  Node 'run_RegexFeaturizer1' running 'RegexFeaturizer.process'.
2025-02-22 14:01:21,850 [DEBUG]  Node 'run_LexicalSyntacticFeaturizer2' running 'LexicalSyntacticFeaturizer.process'.
2025-02-22 14:01:21,850 [DEBUG]  Node 'run_CountVectorsFeaturizer3' running 'CountVectorsFeaturizer.process'.
2025-02-22 14:01:21,851 [DEBUG]  Node 'run_LanguageModelFeaturizer4' running 'LanguageModelFeaturizer.process'.
2025-02-22 14:01:21,983 [DEBUG]  Node 'run_DIETClassifier5' running 'DIETClassifier.process'.
2025-02-22 14:01:21,986 [DEBUG]  Node 'run_EntitySynonymMapper6' running 'EntitySynonymMapper.process'.
2025-02-22 14:01:21,987 [DEBUG]  Node 'run_ResponseSelector7' running 'ResponseSelector.process'.
2025-02-22 14:01:21,987 [DEBUG]  There is no trained model for 'ResponseSelector': The component is either not trained or didn't receive enough training data.
2025-02-22 14:01:21,988 [DEBUG]  Adding following selector key to message property: default
2025-02-22 14:01:21,988 [DEBUG]  Node 'domain_provider' running 'DomainProvider.provide_inference'.
2025-02-22 14:01:21,988 [DEBUG]  Node 'run_RegexMessageHandler' running 'RegexMessageHandler.process'.
2025-02-22 14:01:21,989 [DEBUG]  [[32m[1mdebug    [0m] [1mprocessor.message.parse       [0m [36mparse_data_entities[0m=[35m[][0m [36mparse_data_intent[0m=[35m{'name': 'goodbye', 'confidence': 0.9986637830734253}[0m [36mparse_data_text[0m=[35mпока[0m
2025-02-22 14:01:21,989 [DEBUG]  Logged UserUtterance - tracker now has 16 events.
2025-02-22 14:01:21,989 [DEBUG]  Validating extracted slots: topic
2025-02-22 14:01:21,989 [DEBUG]  [[32m[1mdebug    [0m] [1mprocessor.extract.slots       [0m [36maction_extract_slot[0m=[35maction_extract_slots[0m [36mlen_extraction_events[0m=[35m1[0m [36mrasa_events[0m=[35m[SlotSet(key: topic, value: пока)][0m
2025-02-22 14:01:21,991 [DEBUG]  Running graph with inputs: {'__tracker__': <rasa.shared.core.trackers.DialogueStateTracker object at 0x000001B7090DEDD0>}, targets: ['select_prediction'] and ExecutionContext(model_id='27c0cf5847d94839939c54c3e6dcb975', should_add_diagnostic_data=False, is_finetuning=False, node_name=None).
2025-02-22 14:01:21,991 [DEBUG]  Node 'rule_only_data_provider' running 'RuleOnlyDataProvider.provide'.
2025-02-22 14:01:21,992 [DEBUG]  Node 'domain_provider' running 'DomainProvider.provide_inference'.
2025-02-22 14:01:21,992 [DEBUG]  Node 'run_MemoizationPolicy0' running 'MemoizationPolicy.predict_action_probabilities'.
2025-02-22 14:01:21,993 [DEBUG]  [[32m[1mdebug    [0m] [1mmemoization.predict.actions   [0m [36mtracker_states[0m=[35m[{'user': {'intent': 'ask_architecture'}, 'prev_action': {'action_name': 'utter_architecture_response'}}, {'user': {'intent': 'goodbye'}, 'prev_action': {'action_name': 'action_listen'}}][0m
2025-02-22 14:01:21,995 [DEBUG]  There is no memorised next action
2025-02-22 14:01:21,996 [DEBUG]  Node 'run_RulePolicy1' running 'RulePolicy.predict_action_probabilities'.
2025-02-22 14:01:21,996 [DEBUG]  [[32m[1mdebug    [0m] [1mrule_policy.actions.find      [0m [36mcurrent_states[0m=[35m
[state 1] user intent: greet | previous action name: action_listen
[state 2] user intent: greet | previous action name: utter_greet
[state 3] user intent: ask_architecture | previous action name: action_listen
[state 4] user intent: ask_architecture | previous action name: utter_architecture_response
[state 5] user text: пока | previous action name: action_listen[0m
2025-02-22 14:01:21,997 [DEBUG]  There is no applicable rule.
2025-02-22 14:01:21,997 [DEBUG]  [[32m[1mdebug    [0m] [1mrule_policy.actions.find      [0m [36mcurrent_states[0m=[35m
[state 1] user intent: greet | previous action name: action_listen
[state 2] user intent: greet | previous action name: utter_greet
[state 3] user intent: ask_architecture | previous action name: action_listen
[state 4] user intent: ask_architecture | previous action name: utter_architecture_response
[state 5] user intent: goodbye | previous action name: action_listen[0m
2025-02-22 14:01:21,997 [DEBUG]  There is a rule for the next action 'utter_goodbye'.
2025-02-22 14:01:21,998 [DEBUG]  Node 'run_TEDPolicy2' running 'TEDPolicy.predict_action_probabilities'.
2025-02-22 14:01:22,001 [DEBUG]  TED predicted 'utter_goodbye' based on user intent.
2025-02-22 14:01:22,001 [DEBUG]  Node 'select_prediction' running 'DefaultPolicyPredictionEnsemble.combine_predictions_from_kwargs'.
2025-02-22 14:01:22,001 [DEBUG]  Made prediction using user intent.
2025-02-22 14:01:22,002 [DEBUG]  Added `DefinePrevUserUtteredFeaturization(False)` event.
2025-02-22 14:01:22,002 [DEBUG]  Predicted next action using RulePolicy.
2025-02-22 14:01:22,003 [DEBUG]  Predicted next action 'utter_goodbye' with confidence 1.00.
2025-02-22 14:01:22,003 [DEBUG]  [[32m[1mdebug    [0m] [1mprocessor.actions.policy_prediction[0m [36mprediction_events[0m=[35m[<rasa.shared.core.events.DefinePrevUserUtteredFeaturization object at 0x000001B7091B3DF0>][0m
2025-02-22 14:01:22,003 [DEBUG]  [[32m[1mdebug    [0m] [1mprocessor.actions.log         [0m [36maction_name[0m=[35mutter_goodbye[0m [36mrasa_events[0m=[35m[BotUttered('До свидания! Если появятся вопросы по архитектуре ПО, обращайтесь.', {"elements": null, "quick_replies": null, "buttons": null, "attachment": null, "image": null, "custom": null}, {"utter_action": "utter_goodbye"}, 1740207682.0034232)][0m
2025-02-22 14:01:22,004 [DEBUG]  Running graph with inputs: {'__tracker__': <rasa.shared.core.trackers.DialogueStateTracker object at 0x000001B7090DEDD0>}, targets: ['select_prediction'] and ExecutionContext(model_id='27c0cf5847d94839939c54c3e6dcb975', should_add_diagnostic_data=False, is_finetuning=False, node_name=None).
2025-02-22 14:01:22,004 [DEBUG]  Node 'rule_only_data_provider' running 'RuleOnlyDataProvider.provide'.
2025-02-22 14:01:22,005 [DEBUG]  Node 'domain_provider' running 'DomainProvider.provide_inference'.
2025-02-22 14:01:22,005 [DEBUG]  Node 'run_MemoizationPolicy0' running 'MemoizationPolicy.predict_action_probabilities'.
2025-02-22 14:01:22,006 [DEBUG]  [[32m[1mdebug    [0m] [1mmemoization.predict.actions   [0m [36mtracker_states[0m=[35m[{'user': {'intent': 'goodbye'}, 'prev_action': {'action_name': 'action_listen'}}, {'user': {'intent': 'goodbye'}, 'prev_action': {'action_name': 'utter_goodbye'}}][0m
2025-02-22 14:01:22,006 [DEBUG]  There is a memorised next action 'action_listen'
2025-02-22 14:01:22,006 [DEBUG]  Node 'run_RulePolicy1' running 'RulePolicy.predict_action_probabilities'.
2025-02-22 14:01:22,007 [DEBUG]  [[32m[1mdebug    [0m] [1mrule_policy.actions.find      [0m [36mcurrent_states[0m=[35m
[state 1] user intent: greet | previous action name: action_listen
[state 2] user intent: greet | previous action name: utter_greet
[state 3] user intent: ask_architecture | previous action name: action_listen
[state 4] user intent: ask_architecture | previous action name: utter_architecture_response
[state 5] user intent: goodbye | previous action name: action_listen
[state 6] user intent: goodbye | previous action name: utter_goodbye[0m
2025-02-22 14:01:22,007 [DEBUG]  There is a rule for the next action 'action_listen'.
2025-02-22 14:01:22,007 [DEBUG]  Node 'run_TEDPolicy2' running 'TEDPolicy.predict_action_probabilities'.
2025-02-22 14:01:22,010 [DEBUG]  TED predicted 'action_listen' based on user intent.
2025-02-22 14:01:22,011 [DEBUG]  Node 'select_prediction' running 'DefaultPolicyPredictionEnsemble.combine_predictions_from_kwargs'.
2025-02-22 14:01:22,011 [DEBUG]  Predicted next action using RulePolicy.
2025-02-22 14:01:22,012 [DEBUG]  Predicted next action 'action_listen' with confidence 1.00.
2025-02-22 14:01:22,012 [DEBUG]  [[32m[1mdebug    [0m] [1mprocessor.actions.policy_prediction[0m [36mprediction_events[0m=[35m[][0m
2025-02-22 14:01:22,013 [DEBUG]  [[32m[1mdebug    [0m] [1mprocessor.actions.log         [0m [36maction_name[0m=[35maction_listen[0m [36mrasa_events[0m=[35m[][0m
2025-02-22 14:01:22,013 [DEBUG]  No event broker configured. Skipping streaming events.
2025-02-22 14:01:22,014 [DEBUG]  Deleted lock for conversation 'PractikumStudent'.
